"","SamplesID","A16S","ANT6","ANT9","BEXA","EFRA","EMEA","ERMG","FOLP","GYRA","LMRD","LNUA","MEFA","MEFE","MLS23S","MSRD","O23S","RPOB","RPOC","RRSA","RRSH","TET16S","TET32","TET40","TETO","TETQ","TETW","TUFAB","VAND","VANHD","VANRD","VANSD","VANYD","YYBT","group"
"1","GWP_16P_S126_L007",67.1284359865883,6.62553898676838,0,0,0,0,0,0,0,0,0,0,0,125.360775950189,0,120.328200124572,0,0,111.925134771982,0,78.7726264977494,0,1.96025877065526,3.73980618589075,3.35534012939731,1.86990309294537,0,0,2.56771367245832,4.45138590366395,5.22136989304118,3.44881262099435,0,"Control"
"2","GWP_17P_S127_L007",47.0497697635406,1.33800090238367,0,3.13526157396389,0,0,0,0,0,0,0,0,0,117.522645789348,0,133.052529105347,0,0,103.637927057739,0,74.5026714324744,0,0,1.20838206496525,5.66170288382472,0,0,0,0,1.65958051840721,0,0,0,"Control"
"3","GWP_18P_S128_L007",52.6390162707081,0,0,2.50433623314433,0,0,0,0,0,0,0,0.906214578252715,0,209.59638511925,0,205.512370296889,0,0,117.373931592607,0,75.4123879208108,0,0,0,2.77115336452606,0,0,2.15489396805442,2.97428574849981,3.81776922752303,3.29890573957651,0,0,"Control"
"4","GWP_1P_S123_L007",66.2961306427334,2.29452415590942,0,0,0,0,0,0,0,0,0,0,0,77.5962041132652,0,88.0764068701359,0,0,108.107981036955,0,26.7480008712077,0,1.33304832019665,0,0,0,0,0,0,0,0,0,0,"Control"
"5","GWP_2P_S124_L007",43.3928036689753,6.01148542434478,1.74985995061505,0,0,0,0,0,0,0,0,0,0,70.4634978770654,0,77.4459547521015,0,0,85.3666144122157,0,22.4166951210521,3.42270783569522,4.08300655143512,0,0,29.2700532156005,0,0,0,0,0,0,0,"Control"
"6","GWP_3P_S125_L007",54.6160195069397,2.7338024663437,0,1.92772069558057,0,0,0,0,0,0,0,0,0,89.4404803974629,0,79.1148979639733,0,0,106.574043989208,0,40.0034892543459,0,0,0,0,6.17241338104165,0,0,0,0,0,0,0,"Control"
"7","GWP_25P_S132_L007",62.0704956088396,2.56469745850155,0,0,0,0,0,0,0,0,0,0,0,112.711034754776,0,95.8287898261376,0,0,103.544669713724,0,83.5513844662063,0,2.36746151144725,0,5.31076137279122,0,0,0.861857634310405,0,3.81732651763235,0,0,0,"GWI"
"8","GWP26_S46_L001",54.0274957535519,0,0,0,0,0,0,0,0,0,0,0,0,92.4489738884756,0,112.213397052236,0,0,102.580503291517,0,26.7051304560422,0,3.48225902577033,1.59936046053393,0,0,0,0,1.94414187035463,4.0551628712118,0,0,0,"GWI"
"9","GWP_27P_S133_L007",61.8844879261214,4.88452999558098,0,0,0,0,0,0,0,0,0,0,0,49.8329434993128,0,0,0,0,74.2628654409081,0,0,0,0,0,0,0,0,0,0,0,0,0,0,"GWI"
"10","GWP_4P_S129_L007",88.2017665764454,2.87156172377868,0,0,0,0,0,0,0,0,0,0,0,159.632133437638,0,110.698115614678,0,0,106.652506835059,0,59.5457828921577,0,5.30145326596389,5.18675836357525,0,2.85271709996639,0,0,0,0,0,0,0,"GWI"
"11","GWP_5P_S130_L007",51.1513211797794,3.92624281952763,0,0,0,0,0,0,0,0,0,0,0,134.724209189405,0,115.484944384275,0,0,112.206832724876,0,20.1585883013916,0,3.3455061666147,0,0,0,0,0,0,0,0,0,0,"GWI"
"12","GWP_6P_S131_L007",41.1034879120972,2.80118678537542,0,0,0,0,0,0,0,0,0,0,0,68.5009603547257,0,77.2670116681345,0,0,94.436252373506,0,0,0,2.16987173814651,1.72487851059694,0,2.06985421271632,0,0,0,0,0,0,0,"GWI"
"13","GWP_10P_S140_L007",134.131860566615,8.53104270534082,0,12.6750142427324,0,0,3.28146141327883,0,0,61.898724764165,0,6.55222531583793,0,660.220092529237,8.56676606663368,113.532284590523,0,0,180.351608806335,0,54.3185651708161,0,3.16052303195406,0,3.08893538020484,8.70954550107757,0,0,0,0,0,0,0,"WD_Control"
"14","GWP_11P_S141_L007",396.329370199894,3.16238388421731,0,0,1.29373949484302,3.91435302166048,0,0,0,194.381691444108,0,0,0,1741.52794945427,0,155.080560482063,0,0,269.987102179853,0,128.892293819909,0,0,0,0,0,0,0,0,0,0,0,1.38684209793445,"WD_Control"
"15","GWP_12P_S142_L007",62.3223267027174,3.69939334233876,0,2.40793845931509,0,0,2.49358524999627,2.02485734078769,2.01445211293164,183.163679711897,0,0,0,249.084982996987,0,221.503298619959,0,0,269.553670747737,0,149.272475454265,0,0,0,0,4.53423411669244,6.7156072609039,0,0,0,0,0,1.50646225744274,"WD_Control"
"16","GWP_19P_S143_L007",222.773651899572,2.08559881722104,0,0,0,0,0,0,0,24.975612101565,0,0,0,168.420255106666,0,285.095513505401,0,0,170.95317499196,0,61.572175607676,0,3.29095308859885,0,0,0,0,0,0,0,0,0,0,"WD_Control"
"17","GWP_20P_S144_L007",81.6058256502592,0,0,0,0,0,0,0,0,118.198565207624,0,0,0,486.541776258119,0,219.574532833536,5.35599222263868,7.42972415116061,268.878005903487,0,87.7971134262494,0,4.74898573305693,0,0,0,17.3210703257032,0,0,0,0,0,0,"WD_Control"
"18","GWP_21P_S145_L007",78.3361175286645,2.34800911288869,0,0,0,0,0,0,0,24.7450148351912,0,0,0,997.795629272464,0,361.34794976647,0,0,186.064365694709,0,71.0653952610124,0,3.33451908415151,0,0,0,4.90176399917435,0,0,0,0,0,0,"WD_Control"
"19","GWP_13P_S146_L007",183.435565242071,7.25937492589408,0,6.09293553375925,0,0,2.92948137449882,0,0,53.7980871041566,0,3.3746611658464,0,561.904511513254,2.7152191806515,112.475588253324,0,0,154.904230953715,0,55.2837628060509,0,2.17039633113502,0,0,3.45059104207794,0,0,0,0,0,0,0,"WD_GWI"
"20","GWP_14P_S147_L007",39.1418594238614,4.69228093204906,0,3.23386929100679,0,0,1.30234736073199,0,0,29.3884963638862,0,0,0,394.805996975827,2.45190909359121,116.136358543743,0,0,136.008632195868,0,45.2524078312215,0,3.33186533012821,0,0,0,0,0,0,0,0,0,0,"WD_GWI"
"21","GWP_15P_S148_L007",243.163951315253,5.66805468744527,0,3.6893419024137,0,0,0,0,0,100.303941362753,0,2.40303345428609,0,956.171314412901,0,109.771816520856,0,0,168.542071308665,0,64.6849386124727,1.63806780467168,2.89781036698676,0,0,3.07137713375941,0,0,0,0,0,0,0,"WD_GWI"
"22","GWP_34P_S149_L007",34.9371797080969,12.7239397597428,0,0,0,0,0,0,0,33.468946411955,0,0,2.16646814055322,354.586079293617,0,63.9944775762182,3.59271176173528,4.16389459027727,94.1740604929555,0,51.2533535449998,0,0,0,0,0,9.72551862090891,0,0,0,0,0,0,"WD_GWI"
"23","GWP_35P_S150_L007",38.363026087774,3.88607354741239,0,3.63608261115571,0,0,0,0,0,34.7266690753306,6.15721082895933,0,7.85733620710481,181.967236392457,0,75.8536388616989,0,2.71828670848204,118.716179281918,39.6026050594154,67.9007857492325,0,0,0,0,0,6.34904352815303,0,0,0,0,0,0,"WD_GWI"
"24","GWP_36P_S151_L007",46.403985734089,0,0,0,0,0,0,0.699370636364336,0,116.24065818959,2.87928028070463,0,2.75572907462962,1141.81793258792,0,121.027929071891,6.01041044068398,6.30276187952438,187.048940845184,0,98.6517961999654,0,0,0,0,0,10.2058910954876,0,0,0,0,0,0,"WD_GWI"
